// Jest Snapshot v1, https://goo.gl/fbAQLP

exports[`<ScoreColumn/> should render ScoreColumn 1`] = `
<div
  className="sc-bczRLJ jkldZp"
  display="flex"
>
  <div
    className="sc-bczRLJ jAFwIZ"
    display="flex"
    width={1}
  >
    <h1
      style={
        Object {
          "color": "#fff",
          "fontWeight": "bold",
          "textAlign": "center",
        }
      }
    >
      1
    </h1>
  </div>
  <div
    className="sc-bczRLJ gfvHoF"
    display="flex"
  >
    <div
      className="sc-bczRLJ heaOkQ"
      display="flex"
    >
      <div
        className="sc-bczRLJ eqsrV"
        width={0.5}
      >
        <h2
          aria-label="firstshot-user0-score0"
          style={
            Object {
              "color": "#fff",
              "textAlign": "center",
            }
          }
        >
          0
        </h2>
      </div>
      <div
        className="sc-bczRLJ fIFoXR"
        display="flex"
        width={0.5}
      >
        <h2
          aria-label="secondshot-user0-score0"
          style={
            Object {
              "color": "#fff",
              "textAlign": "center",
            }
          }
        >
          0
        </h2>
      </div>
    </div>
    <div
      className="sc-bczRLJ dbmcqy"
      display="flex"
      width={1}
    >
      <h2
        aria-label="score-user0-score0"
        style={
          Object {
            "color": "#fff",
          }
        }
      >
        0
      </h2>
    </div>
  </div>
</div>
`;
